// Jest Snapshot v1, https://goo.gl/fbAQLP

exports[`Link changes the class when hovered 1`] = `
<div
  className="root-0-2-1 undefined"
>
  <div
    className="root-0-2-1"
  >
    <h1>
      November 2010
    </h1>
  </div>
  <div
    className="root-0-2-2"
  >
    <div
      className="text-0-2-3"
    >
      S
    </div>
    <div
      className="text-0-2-3"
    >
      M
    </div>
    <div
      className="text-0-2-3"
    >
      T
    </div>
    <div
      className="text-0-2-3"
    >
      W
    </div>
    <div
      className="text-0-2-3"
    >
      T
    </div>
    <div
      className="text-0-2-3"
    >
      F
    </div>
    <div
      className="text-0-2-3"
    >
      S
    </div>
  </div>
  <div>
    <div
      className="root-0-2-4 null"
    >
      <div
        className="root-0-2-7 null"
        title="October 31, 2010"
      >
        <div
          className="content-0-2-8 undefined"
        >
          <h6
            className="dateLabel-0-2-9 differentMonth-0-2-6"
          >
            31
          </h6>
        </div>
      </div>
      <div
        className="root-0-2-7 dayRoot-0-2-5"
        title="November 1, 2010"
      >
        <div
          className="content-0-2-8 undefined"
        >
          <h6
            className="dateLabel-0-2-9 null"
          >
            1
          </h6>
        </div>
      </div>
      <div
        className="root-0-2-7 dayRoot-0-2-5"
        title="November 2, 2010"
      >
        <div
          className="content-0-2-8 undefined"
        >
          <h6
            className="dateLabel-0-2-9 null"
          >
            2
          </h6>
        </div>
      </div>
      <div
        className="root-0-2-7 dayRoot-0-2-5"
        title="November 3, 2010"
      >
        <div
          className="content-0-2-8 undefined"
        >
          <h6
            className="dateLabel-0-2-9 null"
          >
            3
          </h6>
        </div>
      </div>
      <div
        className="root-0-2-7 dayRoot-0-2-5"
        title="November 4, 2010"
      >
        <div
          className="content-0-2-8 undefined"
        >
          <h6
            className="dateLabel-0-2-9 null"
          >
            4
          </h6>
        </div>
      </div>
      <div
        className="root-0-2-7 dayRoot-0-2-5"
        title="November 5, 2010"
      >
        <div
          className="content-0-2-8 undefined"
        >
          <h6
            className="dateLabel-0-2-9 null"
          >
            5
          </h6>
        </div>
      </div>
      <div
        className="root-0-2-7 dayRoot-0-2-5"
        title="November 6, 2010"
      >
        <div
          className="content-0-2-8 undefined"
        >
          <h6
            className="dateLabel-0-2-9 null"
          >
            6
          </h6>
        </div>
      </div>
    </div>
    <div
      className="root-0-2-4 undefined"
    >
      <div
        className="root-0-2-7 null"
        title="November 7, 2010"
      >
        <div
          className="content-0-2-8 undefined"
        >
          <h6
            className="dateLabel-0-2-9 null"
          >
            7
          </h6>
        </div>
      </div>
      <div
        className="root-0-2-7 dayRoot-0-2-5"
        title="November 8, 2010"
      >
        <div
          className="content-0-2-8 undefined"
        >
          <h6
            className="dateLabel-0-2-9 null"
          >
            8
          </h6>
        </div>
      </div>
      <div
        className="root-0-2-7 dayRoot-0-2-5"
        title="November 9, 2010"
      >
        <div
          className="content-0-2-8 undefined"
        >
          <h6
            className="dateLabel-0-2-9 null"
          >
            9
          </h6>
        </div>
      </div>
      <div
        className="root-0-2-7 dayRoot-0-2-5"
        title="November 10, 2010"
      >
        <div
          className="content-0-2-8 undefined"
        >
          <h6
            className="dateLabel-0-2-9 null"
          >
            10
          </h6>
        </div>
      </div>
      <div
        className="root-0-2-7 dayRoot-0-2-5"
        title="November 11, 2010"
      >
        <div
          className="content-0-2-8 undefined"
        >
          <h6
            className="dateLabel-0-2-9 null"
          >
            11
          </h6>
        </div>
      </div>
      <div
        className="root-0-2-7 dayRoot-0-2-5"
        title="November 12, 2010"
      >
        <div
          className="content-0-2-8 undefined"
        >
          <h6
            className="dateLabel-0-2-9 null"
          >
            12
          </h6>
        </div>
      </div>
      <div
        className="root-0-2-7 dayRoot-0-2-5"
        title="November 13, 2010"
      >
        <div
          className="content-0-2-8 undefined"
        >
          <h6
            className="dateLabel-0-2-9 null"
          >
            13
          </h6>
        </div>
      </div>
    </div>
    <div
      className="root-0-2-4 undefined"
    >
      <div
        className="root-0-2-7 null"
        title="November 14, 2010"
      >
        <div
          className="content-0-2-8 undefined"
        >
          <h6
            className="dateLabel-0-2-9 null"
          >
            14
          </h6>
        </div>
      </div>
      <div
        className="root-0-2-7 dayRoot-0-2-5"
        title="November 15, 2010"
      >
        <div
          className="content-0-2-8 undefined"
        >
          <h6
            className="dateLabel-0-2-9 null"
          >
            15
          </h6>
        </div>
      </div>
      <div
        className="root-0-2-7 dayRoot-0-2-5"
        title="November 16, 2010"
      >
        <div
          className="content-0-2-8 undefined"
        >
          <h6
            className="dateLabel-0-2-9 null"
          >
            16
          </h6>
        </div>
      </div>
      <div
        className="root-0-2-7 dayRoot-0-2-5"
        title="November 17, 2010"
      >
        <div
          className="content-0-2-8 undefined"
        >
          <h6
            className="dateLabel-0-2-9 null"
          >
            17
          </h6>
        </div>
      </div>
      <div
        className="root-0-2-7 dayRoot-0-2-5"
        title="November 18, 2010"
      >
        <div
          className="content-0-2-8 undefined"
        >
          <h6
            className="dateLabel-0-2-9 null"
          >
            18
          </h6>
        </div>
      </div>
      <div
        className="root-0-2-7 dayRoot-0-2-5"
        title="November 19, 2010"
      >
        <div
          className="content-0-2-8 undefined"
        >
          <h6
            className="dateLabel-0-2-9 null"
          >
            19
          </h6>
        </div>
      </div>
      <div
        className="root-0-2-7 dayRoot-0-2-5"
        title="November 20, 2010"
      >
        <div
          className="content-0-2-8 undefined"
        >
          <h6
            className="dateLabel-0-2-9 null"
          >
            20
          </h6>
        </div>
      </div>
    </div>
    <div
      className="root-0-2-4 undefined"
    >
      <div
        className="root-0-2-7 null"
        title="November 21, 2010"
      >
        <div
          className="content-0-2-8 undefined"
        >
          <h6
            className="dateLabel-0-2-9 null"
          >
            21
          </h6>
        </div>
      </div>
      <div
        className="root-0-2-7 dayRoot-0-2-5"
        title="November 22, 2010"
      >
        <div
          className="content-0-2-8 undefined"
        >
          <h6
            className="dateLabel-0-2-9 null"
          >
            22
          </h6>
        </div>
      </div>
      <div
        className="root-0-2-7 dayRoot-0-2-5"
        title="November 23, 2010"
      >
        <div
          className="content-0-2-8 undefined"
        >
          <h6
            className="dateLabel-0-2-9 null"
          >
            23
          </h6>
        </div>
      </div>
      <div
        className="root-0-2-7 dayRoot-0-2-5"
        title="November 24, 2010"
      >
        <div
          className="content-0-2-8 undefined"
        >
          <h6
            className="dateLabel-0-2-9 null"
          >
            24
          </h6>
        </div>
      </div>
      <div
        className="root-0-2-7 dayRoot-0-2-5"
        title="November 25, 2010"
      >
        <div
          className="content-0-2-8 undefined"
        >
          <h6
            className="dateLabel-0-2-9 null"
          >
            25
          </h6>
        </div>
      </div>
      <div
        className="root-0-2-7 dayRoot-0-2-5"
        title="November 26, 2010"
      >
        <div
          className="content-0-2-8 undefined"
        >
          <h6
            className="dateLabel-0-2-9 null"
          >
            26
          </h6>
        </div>
      </div>
      <div
        className="root-0-2-7 dayRoot-0-2-5"
        title="November 27, 2010"
      >
        <div
          className="content-0-2-8 undefined"
        >
          <h6
            className="dateLabel-0-2-9 null"
          >
            27
          </h6>
        </div>
      </div>
    </div>
    <div
      className="root-0-2-4 undefined"
    >
      <div
        className="root-0-2-7 null"
        title="November 28, 2010"
      >
        <div
          className="content-0-2-8 undefined"
        >
          <h6
            className="dateLabel-0-2-9 null"
          >
            28
          </h6>
        </div>
      </div>
      <div
        className="root-0-2-7 dayRoot-0-2-5"
        title="November 29, 2010"
      >
        <div
          className="content-0-2-8 undefined"
        >
          <h6
            className="dateLabel-0-2-9 null"
          >
            29
          </h6>
        </div>
      </div>
      <div
        className="root-0-2-7 dayRoot-0-2-5"
        title="November 30, 2010"
      >
        <div
          className="content-0-2-8 undefined"
        >
          <h6
            className="dateLabel-0-2-9 null"
          >
            30
          </h6>
        </div>
      </div>
      <div
        className="root-0-2-7 dayRoot-0-2-5"
        title="December 1, 2010"
      >
        <div
          className="content-0-2-8 undefined"
        >
          <h6
            className="dateLabel-0-2-9 differentMonth-0-2-6"
          >
            1
          </h6>
        </div>
      </div>
      <div
        className="root-0-2-7 dayRoot-0-2-5"
        title="December 2, 2010"
      >
        <div
          className="content-0-2-8 undefined"
        >
          <h6
            className="dateLabel-0-2-9 differentMonth-0-2-6"
          >
            2
          </h6>
        </div>
      </div>
      <div
        className="root-0-2-7 dayRoot-0-2-5"
        title="December 3, 2010"
      >
        <div
          className="content-0-2-8 undefined"
        >
          <h6
            className="dateLabel-0-2-9 differentMonth-0-2-6"
          >
            3
          </h6>
        </div>
      </div>
      <div
        className="root-0-2-7 dayRoot-0-2-5"
        title="December 4, 2010"
      >
        <div
          className="content-0-2-8 undefined"
        >
          <h6
            className="dateLabel-0-2-9 differentMonth-0-2-6"
          >
            4
          </h6>
        </div>
      </div>
    </div>
  </div>
</div>
`;
